[    0.000000] Initializing cgroup subsys cpuset
[    0.000000] Initializing cgroup subsys cpu
[    0.000000] Initializing cgroup subsys cpuacct
[    0.000000] Linux version 4.4.0-77-generic (buildd@lgw01-59) (gcc version 5.4.0 20160609 (Ubuntu 5.4.0-6ubuntu1~16.04.4) ) #98-Ubuntu SMP Wed Apr 26 08:34:02 UTC 2017 (Ubuntu 4.4.0-77.98-generic 4.4.59)
[    0.000000] Command line: BOOT_IMAGE=/boot/vmlinuz-4.4.0-77-generic root=LABEL=cloudimg-rootfs ro console=tty1 console=ttyS0
[    0.000000] KERNEL supported cpus:
[    0.000000]   Intel GenuineIntel
[    0.000000]   AMD AuthenticAMD
[    0.000000]   Centaur CentaurHauls
[    0.000000] x86/fpu: xstate_offset[2]:  576, xstate_sizes[2]:  256
[    0.000000] x86/fpu: Supporting XSAVE feature 0x01: 'x87 floating point registers'
[    0.000000] x86/fpu: Supporting XSAVE feature 0x02: 'SSE registers'
[    0.000000] x86/fpu: Supporting XSAVE feature 0x04: 'AVX registers'
[    0.000000] x86/fpu: Enabled xstate features 0x7, context size is 832 bytes, using 'standard' format.
[    0.000000] x86/fpu: Using 'lazy' FPU context switches.
[    0.000000] e820: BIOS-provided physical RAM map:
[    0.000000] BIOS-e820: [mem 0x0000000000000000-0x000000000009fbff] usable
[    0.000000] BIOS-e820: [mem 0x000000000009fc00-0x000000000009ffff] reserved
[    0.000000] BIOS-e820: [mem 0x00000000000f0000-0x00000000000fffff] reserved
[    0.000000] BIOS-e820: [mem 0x0000000000100000-0x000000007ffeffff] usable
[    0.000000] BIOS-e820: [mem 0x000000007fff0000-0x000000007fffffff] ACPI data
[    0.000000] BIOS-e820: [mem 0x00000000fec00000-0x00000000fec00fff] reserved
[    0.000000] BIOS-e820: [mem 0x00000000fee00000-0x00000000fee00fff] reserved
[    0.000000] BIOS-e820: [mem 0x00000000fffc0000-0x00000000ffffffff] reserved
[    0.000000] NX (Execute Disable) protection: active
[    0.000000] SMBIOS 2.5 present.
[    0.000000] Hypervisor detected: KVM
[    0.000000] e820: last_pfn = 0x7fff0 max_arch_pfn = 0x400000000
[    0.000000] MTRR: Disabled
[    0.000000] x86/PAT: MTRRs disabled, skipping PAT initialization too.
[    0.000000] x86/PAT: Configuration [0-7]: WB  WT  UC- UC  WB  WT  UC- UC  
[    0.000000] CPU MTRRs all blank - virtualized system.
[    0.000000] found SMP MP-table at [mem 0x0009fff0-0x0009ffff] mapped at [ffff88000009fff0]
[    0.000000] Scanning 1 areas for low memory corruption
[    0.000000] RAMDISK: [mem 0x36aca000-0x3755cfff]
[    0.000000] ACPI: Early table checksum verification disabled
[    0.000000] ACPI: RSDP 0x00000000000E0000 000024 (v02 VBOX  )
[    0.000000] ACPI: XSDT 0x000000007FFF0030 00003C (v01 VBOX   VBOXXSDT 00000001 ASL  00000061)
[    0.000000] ACPI: FACP 0x000000007FFF00F0 0000F4 (v04 VBOX   VBOXFACP 00000001 ASL  00000061)
[    0.000000] ACPI: DSDT 0x000000007FFF0470 0021C8 (v02 VBOX   VBOXBIOS 00000002 INTL 20170224)
[    0.000000] ACPI: FACS 0x000000007FFF0200 000040
[    0.000000] ACPI: FACS 0x000000007FFF0200 000040
[    0.000000] ACPI: APIC 0x000000007FFF0240 00005C (v02 VBOX   VBOXAPIC 00000001 ASL  00000061)
[    0.000000] ACPI: SSDT 0x000000007FFF02A0 0001CC (v01 VBOX   VBOXCPUT 00000002 INTL 20170224)
[    0.000000] No NUMA configuration found
[    0.000000] Faking a node at [mem 0x0000000000000000-0x000000007ffeffff]
[    0.000000] NODE_DATA(0) allocated [mem 0x7ffeb000-0x7ffeffff]
[    0.000000] kvm-clock: Using msrs 4b564d01 and 4b564d00
[    0.000000] kvm-clock: cpu 0, msr 0:7ffe3001, primary cpu clock
[    0.000000] kvm-clock: using sched offset of 3080601971 cycles
[    0.000000] clocksource: kvm-clock: mask: 0xffffffffffffffff max_cycles: 0x1cd42e4dffb, max_idle_ns: 881590591483 ns
[    0.000000] Zone ranges:
[    0.000000]   DMA      [mem 0x0000000000001000-0x0000000000ffffff]
[    0.000000]   DMA32    [mem 0x0000000001000000-0x000000007ffeffff]
[    0.000000]   Normal   empty
[    0.000000]   Device   empty
[    0.000000] Movable zone start for each node
[    0.000000] Early memory node ranges
[    0.000000]   node   0: [mem 0x0000000000001000-0x000000000009efff]
[    0.000000]   node   0: [mem 0x0000000000100000-0x000000007ffeffff]
[    0.000000] Initmem setup node 0 [mem 0x0000000000001000-0x000000007ffeffff]
[    0.000000] ACPI: PM-Timer IO Port: 0x4008
[    0.000000] IOAPIC[0]: apic_id 2, version 32, address 0xfec00000, GSI 0-23
[    0.000000] ACPI: INT_SRC_OVR (bus 0 bus_irq 0 global_irq 2 dfl dfl)
[    0.000000] ACPI: INT_SRC_OVR (bus 0 bus_irq 9 global_irq 9 high level)
[    0.000000] Using ACPI (MADT) for SMP configuration information
[    0.000000] smpboot: Allowing 2 CPUs, 0 hotplug CPUs
[    0.000000] PM: Registered nosave memory: [mem 0x00000000-0x00000fff]
[    0.000000] PM: Registered nosave memory: [mem 0x0009f000-0x0009ffff]
[    0.000000] PM: Registered nosave memory: [mem 0x000a0000-0x000effff]
[    0.000000] PM: Registered nosave memory: [mem 0x000f0000-0x000fffff]
[    0.000000] e820: [mem 0x80000000-0xfebfffff] available for PCI devices
[    0.000000] Booting paravirtualized kernel on KVM
[    0.000000] clocksource: refined-jiffies: mask: 0xffffffff max_cycles: 0xffffffff, max_idle_ns: 7645519600211568 ns
[    0.000000] setup_percpu: NR_CPUS:512 nr_cpumask_bits:512 nr_cpu_ids:2 nr_node_ids:1
[    0.000000] PERCPU: Embedded 33 pages/cpu @ffff88007fc00000 s98264 r8192 d28712 u1048576
[    0.000000] PV qspinlock hash table entries: 256 (order: 0, 4096 bytes)
[    0.000000] Built 1 zonelists in Node order, mobility grouping on.  Total pages: 515961
[    0.000000] Policy zone: DMA32
[    0.000000] Kernel command line: BOOT_IMAGE=/boot/vmlinuz-4.4.0-77-generic root=LABEL=cloudimg-rootfs ro console=tty1 console=ttyS0
[    0.000000] PID hash table entries: 4096 (order: 3, 32768 bytes)
[    0.000000] Memory: 2033944K/2096696K available (8449K kernel code, 1294K rwdata, 3980K rodata, 1484K init, 1316K bss, 62752K reserved, 0K cma-reserved)
[    0.000000] SLUB: HWalign=64, Order=0-3, MinObjects=0, CPUs=2, Nodes=1
[    0.000000] Hierarchical RCU implementation.
[    0.000000] 	Build-time adjustment of leaf fanout to 64.
[    0.000000] 	RCU restricting CPUs from NR_CPUS=512 to nr_cpu_ids=2.
[    0.000000] RCU: Adjusting geometry for rcu_fanout_leaf=64, nr_cpu_ids=2
[    0.000000] NR_IRQS:33024 nr_irqs:440 16
[    0.000000] Console: colour VGA+ 80x25
[    0.000000] console [tty1] enabled
[    0.000000] console [ttyS0] enabled
[    0.000000] tsc: Detected 2494.332 MHz processor
[    0.964819] Calibrating delay loop (skipped) preset value.. 4988.66 BogoMIPS (lpj=9977328)
[    1.016643] pid_max: default: 32768 minimum: 301
[    1.017660] ACPI: Core revision 20150930
[    1.027701] ACPI: 2 ACPI AML tables successfully acquired and loaded
[    1.035019] Security Framework initialized
[    1.046906] Yama: becoming mindful.
[    1.053127] AppArmor: AppArmor initialized
[    1.056828] Dentry cache hash table entries: 262144 (order: 9, 2097152 bytes)
[    1.092925] Inode-cache hash table entries: 131072 (order: 8, 1048576 bytes)
[    1.121014] Mount-cache hash table entries: 4096 (order: 3, 32768 bytes)
[    1.157303] Mountpoint-cache hash table entries: 4096 (order: 3, 32768 bytes)
[    1.185067] Initializing cgroup subsys io
[    1.200229] Initializing cgroup subsys memory
[    1.229723] Initializing cgroup subsys devices
[    1.230822] Initializing cgroup subsys freezer
[    1.244084] Initializing cgroup subsys net_cls
[    1.269152] Initializing cgroup subsys perf_event
[    1.301709] Initializing cgroup subsys net_prio
[    1.316604] Initializing cgroup subsys hugetlb
[    1.351791] Initializing cgroup subsys pids
[    1.380146] CPU: Physical Processor ID: 0
[    1.397615] CPU: Processor Core ID: 0
[    1.440244] mce: CPU supports 0 MCE banks
[    1.452266] Last level iTLB entries: 4KB 512, 2MB 8, 4MB 8
[    1.459163] Last level dTLB entries: 4KB 512, 2MB 32, 4MB 32, 1GB 0
[    1.476253] Freeing SMP alternatives memory: 32K (ffffffff820b8000 - ffffffff820c0000)
[    1.546370] ftrace: allocating 32117 entries in 126 pages
[    1.613571] smpboot: APIC(0) Converting physical 0 to logical package 0
[    1.653794] smpboot: Max logical packages: 1
[    1.707495] x2apic enabled
[    1.720982] Switched APIC routing to physical x2apic.
[    1.753720] ..TIMER: vector=0x30 apic1=0 pin1=2 apic2=-1 pin2=-1
[    1.916183] smpboot: CPU0: Intel(R) Core(TM) i5-3210M CPU @ 2.50GHz (family: 0x6, model: 0x3a, stepping: 0x9)
[    1.954328] Performance Events: unsupported p6 CPU model 58 no PMU driver, software events only.
[    1.984920] KVM setup paravirtual spinlock
[    1.992939] x86: Booting SMP configuration:
[    2.021759] .... node  #0, CPUs:      #1
[    2.057903] kvm-clock: cpu 1, msr 0:7ffe3041, secondary cpu clock
[    2.124530] mce: CPU supports 0 MCE banks
[    2.148965] x86: Booted up 1 node, 2 CPUs
[    2.198182] smpboot: Total of 2 processors activated (9977.32 BogoMIPS)
[    2.285016] devtmpfs: initialized
[    2.297832] evm: security.selinux
[    2.325265] evm: security.SMACK64
[    2.342626] evm: security.SMACK64EXEC
[    2.350195] evm: security.SMACK64TRANSMUTE
[    2.407093] evm: security.SMACK64MMAP
[    2.440221] evm: security.ima
[    2.465451] evm: security.capability
[    2.489256] clocksource: jiffies: mask: 0xffffffff max_cycles: 0xffffffff, max_idle_ns: 7645041785100000 ns
[    2.511663] futex hash table entries: 512 (order: 3, 32768 bytes)
[    2.520011] pinctrl core: initialized pinctrl subsystem
[    2.549528] RTC time: 10:15:43, date: 05/10/17
[    2.576670] NET: Registered protocol family 16
[    2.632194] cpuidle: using governor ladder
[    2.660471] cpuidle: using governor menu
[    2.683668] PCCT header not found.
[    2.685922] ACPI: bus type PCI registered
[    2.712198] acpiphp: ACPI Hot Plug PCI Controller Driver version: 0.5
[    2.738779] PCI: Using configuration type 1 for base access
[    2.781290] ACPI: Added _OSI(Module Device)
[    2.797315] ACPI: Added _OSI(Processor Device)
[    2.833536] ACPI: Added _OSI(3.0 _SCP Extensions)
[    2.845239] ACPI: Added _OSI(Processor Aggregator Device)
[    2.847229] ACPI: Executed 1 blocks of module-level executable AML code
[    2.903310] ACPI: Interpreter enabled
[    2.933764] ACPI: (supports S0 S5)
[    2.970909] ACPI: Using IOAPIC for interrupt routing
[    2.987061] PCI: Using host bridge windows from ACPI; if necessary, use "pci=nocrs" and report a bug
[    2.998149] ACPI: PCI Root Bridge [PCI0] (domain 0000 [bus 00-ff])
[    3.056291] acpi PNP0A03:00: _OSC: OS supports [ASPM ClockPM Segments MSI]
[    3.093512] acpi PNP0A03:00: _OSC failed (AE_NOT_FOUND); disabling ASPM
[    3.127216] acpi PNP0A03:00: fail to add MMCONFIG information, can't access extended PCI configuration space under this bridge.
[    3.144346] PCI host bridge to bus 0000:00
[    3.155926] pci_bus 0000:00: root bus resource [io  0x0000-0x0cf7 window]
[    3.173336] pci_bus 0000:00: root bus resource [io  0x0d00-0xffff window]
[    3.229816] pci_bus 0000:00: root bus resource [mem 0x000a0000-0x000bffff window]
[    3.285497] pci_bus 0000:00: root bus resource [mem 0x80000000-0xffdfffff window]
[    3.305483] pci_bus 0000:00: root bus resource [bus 00-ff]
[    3.338013] pci 0000:00:01.1: legacy IDE quirk: reg 0x10: [io  0x01f0-0x01f7]
[    3.355884] pci 0000:00:01.1: legacy IDE quirk: reg 0x14: [io  0x03f6]
[    3.370129] pci 0000:00:01.1: legacy IDE quirk: reg 0x18: [io  0x0170-0x0177]
[    3.371718] pci 0000:00:01.1: legacy IDE quirk: reg 0x1c: [io  0x0376]
[    3.409081] pci 0000:00:07.0: quirk: [io  0x4000-0x403f] claimed by PIIX4 ACPI
[    3.417549] pci 0000:00:07.0: quirk: [io  0x4100-0x410f] claimed by PIIX4 SMB
[    3.449124] ACPI: PCI Interrupt Link [LNKA] (IRQs 5 9 10 *11)
[    3.488260] ACPI: PCI Interrupt Link [LNKB] (IRQs 5 9 10 *11)
[    3.501192] ACPI: PCI Interrupt Link [LNKC] (IRQs 5 9 *10 11)
[    3.553704] ACPI: PCI Interrupt Link [LNKD] (IRQs 5 *9 10 11)
[    3.572937] ACPI: Enabled 2 GPEs in block 00 to 07
[    3.597675] vgaarb: setting as boot device: PCI:0000:00:02.0
[    3.611381] vgaarb: device added: PCI:0000:00:02.0,decodes=io+mem,owns=io+mem,locks=none
[    3.624936] vgaarb: loaded
[    3.651133] vgaarb: bridge control possible 0000:00:02.0
[    3.692012] SCSI subsystem initialized
[    3.708389] ACPI: bus type USB registered
[    3.744323] usbcore: registered new interface driver usbfs
[    3.791714] usbcore: registered new interface driver hub
[    3.813491] usbcore: registered new device driver usb
[    3.844803] PCI: Using ACPI for IRQ routing
[    3.853185] NetLabel: Initializing
[    3.860694] NetLabel:  domain hash size = 128
[    3.861714] NetLabel:  protocols = UNLABELED CIPSOv4
[    3.862858] NetLabel:  unlabeled traffic allowed by default
[    3.864276] amd_nb: Cannot enumerate AMD northbridges
[    3.874191] clocksource: Switched to clocksource kvm-clock
[    3.890928] AppArmor: AppArmor Filesystem Enabled
[    3.907446] pnp: PnP ACPI init
[    3.915466] pnp: PnP ACPI: found 3 devices
[    3.929450] clocksource: acpi_pm: mask: 0xffffff max_cycles: 0xffffff, max_idle_ns: 2085701024 ns
[    4.014652] NET: Registered protocol family 2
[    4.058523] TCP established hash table entries: 16384 (order: 5, 131072 bytes)
[    4.089045] TCP bind hash table entries: 16384 (order: 6, 262144 bytes)
[    4.120481] TCP: Hash tables configured (established 16384 bind 16384)
[    4.177478] UDP hash table entries: 1024 (order: 3, 32768 bytes)
[    4.233134] UDP-Lite hash table entries: 1024 (order: 3, 32768 bytes)
[    4.239321] NET: Registered protocol family 1
[    4.259452] pci 0000:00:00.0: Limiting direct PCI/PCI transfers
[    4.287434] pci 0000:00:01.0: Activating ISA DMA hang workarounds
[    4.337847] Unpacking initramfs...
[    6.311033] Freeing initrd memory: 10828K (ffff880036aca000 - ffff88003755d000)
[    6.388976] RAPL PMU detected, API unit is 2^-32 Joules, 3 fixed counters 10737418240 ms ovfl timer
[    6.429887] hw unit of domain pp0-core 2^-0 Joules
[    6.436679] hw unit of domain package 2^-0 Joules
[    6.497799] hw unit of domain pp1-gpu 2^-0 Joules
[    6.649021] platform rtc_cmos: registered platform RTC device (no PNP device found)
[    6.787550] Scanning for low memory corruption every 60 seconds
[    6.838850] audit: initializing netlink subsys (disabled)
[    6.897911] audit: type=2000 audit(1494411349.501:1): initialized
[    6.938165] Initialise system trusted keyring
[    6.994320] HugeTLB registered 2 MB page size, pre-allocated 0 pages
[    7.001465] zbud: loaded
[    7.002467] VFS: Disk quotas dquot_6.6.0
[    7.027912] VFS: Dquot-cache hash table entries: 512 (order 0, 4096 bytes)
[    7.277706] squashfs: version 4.0 (2009/01/31) Phillip Lougher
[    7.318088] fuse init (API version 7.23)
[    7.337744] Key type big_key registered
[    7.357760] Allocating IMA MOK and blacklist keyrings.
[    7.411354] Key type asymmetric registered
[    7.434097] Asymmetric key parser 'x509' registered
[    7.496333] Block layer SCSI generic (bsg) driver version 0.4 loaded (major 249)
[    7.537611] io scheduler noop registered
[    7.544076] io scheduler deadline registered (default)
[    7.599448] io scheduler cfq registered
[    7.613117] pci_hotplug: PCI Hot Plug PCI Core version: 0.5
[    7.661046] tsc: Refined TSC clocksource calibration: 2495.177 MHz
[    7.686287] clocksource: tsc: mask: 0xffffffffffffffff max_cycles: 0x23f76db0f24, max_idle_ns: 440795252559 ns
[    7.686338] pciehp: PCI Express Hot Plug Controller Driver version: 0.4
[    7.686496] ACPI: AC Adapter [AC] (on-line)
[    7.686550] input: Power Button as /devices/LNXSYSTM:00/LNXPWRBN:00/input/input0
[    7.686552] ACPI: Power Button [PWRF]
[    7.686614] input: Sleep Button as /devices/LNXSYSTM:00/LNXSLPBN:00/input/input1
[    7.686616] ACPI: Sleep Button [SLPF]
[    7.859482] ACPI: Battery Slot [BAT0] (battery present)
[    7.859514] GHES: HEST is not enabled!
[    8.050581] Serial: 8250/16550 driver, 32 ports, IRQ sharing enabled
[    8.073992] 00:02: ttyS0 at I/O 0x3f8 (irq = 4, base_baud = 115200) is a 16550A
[    8.079937] Linux agpgart interface v0.103
[    8.100944] loop: module loaded
[    8.101744] scsi host0: ata_piix
[    8.101844] scsi host1: ata_piix
[    8.101898] ata1: PATA max UDMA/33 cmd 0x1f0 ctl 0x3f6 bmdma 0xd000 irq 14
[    8.101899] ata2: PATA max UDMA/33 cmd 0x170 ctl 0x376 bmdma 0xd008 irq 15
[    8.102013] libphy: Fixed MDIO Bus: probed
[    8.102016] tun: Universal TUN/TAP device driver, 1.6
[    8.102017] tun: (C) 1999-2004 Max Krasnyansky <maxk@qualcomm.com>
[    8.102371] PPP generic driver version 2.4.2
[    8.102449] ehci_hcd: USB 2.0 'Enhanced' Host Controller (EHCI) Driver
[    8.102455] ehci-pci: EHCI PCI platform driver
[    8.102475] ehci-platform: EHCI generic platform driver
[    8.102487] ohci_hcd: USB 1.1 'Open' Host Controller (OHCI) Driver
[    8.102492] ohci-pci: OHCI PCI platform driver
[    8.102504] ohci-platform: OHCI generic platform driver
[    8.102514] uhci_hcd: USB Universal Host Controller Interface driver
[    8.102595] i8042: PNP: PS/2 Controller [PNP0303:PS2K,PNP0f03:PS2M] at 0x60,0x64 irq 1,12
[    8.103157] serio: i8042 KBD port at 0x60,0x64 irq 1
[    8.103162] serio: i8042 AUX port at 0x60,0x64 irq 12
[    8.103325] mousedev: PS/2 mouse device common for all mice
[    8.103706] input: AT Translated Set 2 keyboard as /devices/platform/i8042/serio0/input/input2
[    8.104134] rtc_cmos rtc_cmos: rtc core: registered rtc_cmos as rtc0
[    8.104215] rtc_cmos rtc_cmos: alarms up to one day, 114 bytes nvram
[    8.104225] i2c /dev entries driver
[    8.104304] device-mapper: uevent: version 1.0.3
[    8.104392] device-mapper: ioctl: 4.34.0-ioctl (2015-10-28) initialised: dm-devel@redhat.com
[    8.104419] ledtrig-cpu: registered to indicate activity on CPUs
[    8.104816] NET: Registered protocol family 10
[    8.105031] NET: Registered protocol family 17
[    8.105046] Key type dns_resolver registered
[    8.105253] microcode: CPU0 sig=0x306a9, pf=0x2, revision=0x19
[    8.108178] microcode: CPU1 sig=0x306a9, pf=0x2, revision=0x19
[    8.108286] microcode: Microcode Update Driver: v2.01 <tigran@aivazian.fsnet.co.uk>, Peter Oruba
[    8.108493] registered taskstats version 1
[    8.108510] Loading compiled-in X.509 certificates
[    8.109564] Loaded X.509 cert 'Build time autogenerated kernel key: 60562572960efd370424d983abb028749c4780ed'
[    8.109611] zswap: loaded using pool lzo/zbud
[    8.112028] Key type trusted registered
[    8.115532] Key type encrypted registered
[    8.115541] AppArmor: AppArmor sha1 policy hashing enabled
[    8.115544] ima: No TPM chip found, activating TPM-bypass!
[    8.115575] evm: HMAC attrs: 0x1
[    8.115973]   Magic number: 1:523:274
[    8.116001] tty tty11: hash matches
[    8.131947] rtc_cmos rtc_cmos: setting system clock to 2017-05-10 10:15:49 UTC (1494411349)
[    8.132104] BIOS EDD facility v0.16 2004-Jun-25, 0 devices found
[    8.132104] EDD information not available.
[   10.792755] Freeing unused kernel memory: 1484K (ffffffff81f45000 - ffffffff820b8000)
[   10.828128] Write protecting the kernel read-only data: 14336k
[   10.829962] Freeing unused kernel memory: 1780K (ffff880001843000 - ffff880001a00000)
[   10.837507] Freeing unused kernel memory: 116K (ffff880001de3000 - ffff880001e00000)
Loading, please wait...
startin[   10.859107] random: systemd-udevd: uninitialized urandom read (16 bytes read, 4 bits of entropy available)
g version 229
[   10.860254] random: udevadm: uninitialized urandom read (16 bytes read, 4 bits of entropy available)
[   10.860320] random: udevadm: uninitialized urandom read (16 bytes read, 4 bits of entropy available)
[   10.860575] random: udevadm: uninitialized urandom read (16 bytes read, 4 bits of entropy available)
[   10.860679] random: udevadm: uninitialized urandom read (16 bytes read, 4 bits of entropy available)
[   10.860774] random: udevadm: uninitialized urandom read (16 bytes read, 4 bits of entropy available)
[   10.860863] random: udevadm: uninitialized urandom read (16 bytes read, 4 bits of entropy available)
[   10.860961] random: udevadm: uninitialized urandom read (16 bytes read, 4 bits of entropy available)
[   10.861051] random: udevadm: uninitialized urandom read (16 bytes read, 4 bits of entropy available)
[   10.861136] random: udevadm: uninitialized urandom read (16 bytes read, 4 bits of entropy available)
[   11.165237] e1000: Intel(R) PRO/1000 Network Driver - version 7.3.21-k8-NAPI
[   11.217646] e1000: Copyright (c) 1999-2006 Intel Corporation.
[   11.263404] Fusion MPT base driver 3.04.20
[   11.287509] Copyright (c) 1999-2008 LSI Corporation
[   11.302530] Fusion MPT SPI Host driver 3.04.20
[   11.322690] mptbase: ioc0: Initiating bringup
[   11.377559] AVX version of gcm_enc/dec engaged.
[   11.397327] AES CTR mode by8 optimization enabled
[   11.438636] ioc0: LSI53C1030 A0: Capabilities={Initiator}
[   11.612505] input: ImExPS/2 Generic Explorer Mouse as /devices/platform/i8042/serio1/input/input4
[   11.665383] scsi host2: ioc0: LSI53C1030 A0, FwRev=00000000h, Ports=1, MaxQ=256, IRQ=20
[   11.867272] scsi 2:0:0:0: Direct-Access     VBOX     HARDDISK         1.0  PQ: 0 ANSI: 5
[   11.896003] scsi target2:0:0: Beginning Domain Validation
[   11.904823] scsi target2:0:0: Domain Validation skipping write tests
[   11.919427] scsi target2:0:0: Ending Domain Validation
[   11.949546] scsi target2:0:0: asynchronous
[   11.981951] scsi 2:0:1:0: Direct-Access     VBOX     HARDDISK         1.0  PQ: 0 ANSI: 5
[   11.992406] scsi target2:0:1: Beginning Domain Validation
[   12.001260] scsi target2:0:1: Domain Validation skipping write tests
[   12.005591] scsi target2:0:1: Ending Domain Validation
[   12.021969] scsi target2:0:1: asynchronous
[   12.125816] sd 2:0:0:0: Attached scsi generic sg0 type 0
[   12.132197] sd 2:0:0:0: [sda] 20971520 512-byte logical blocks: (10.7 GB/10.0 GiB)
[   12.136296] sd 2:0:0:0: [sda] Write Protect is off
[   12.141072] sd 2:0:1:0: [sdb] 20480 512-byte logical blocks: (10.5 MB/10.0 MiB)
[   12.151705] sd 2:0:1:0: [sdb] Write Protect is off
[   12.155900] sd 2:0:1:0: Attached scsi generic sg1 type 0
[   12.169247] sd 2:0:1:0: [sdb] Incomplete mode parameter data
[   12.172481] sd 2:0:1:0: [sdb] Assuming drive cache: write through
[   12.174638] sd 2:0:0:0: [sda] Incomplete mode parameter data
[   12.183239] sd 2:0:0:0: [sda] Assuming drive cache: write through
[   12.188022]  sda: sda1
[   12.220403] sd 2:0:1:0: [sdb] Attached SCSI disk
[   12.231145] e1000 0000:00:03.0 eth0: (PCI:33MHz:32-bit) 02:d6:4b:78:b0:32
[   12.231151] e1000 0000:00:03.0 eth0: Intel(R) PRO/1000 Network Connection
[   12.274731] sd 2:0:0:0: [sda] Attached SCSI disk
[   12.605034] e1000 0000:00:08.0 eth1: (PCI:33MHz:32-bit) 08:00:27:96:8e:25
[   12.620992] e1000 0000:00:08.0 eth1: Intel(R) PRO/1000 Network Connection
[   12.649865] e1000 0000:00:03.0 enp0s3: renamed from eth0
[   12.671962] e1000 0000:00:08.0 enp0s8: renamed from eth1
[   14.370412] floppy0: no floppy controllers found
Begin: Loading essential drivers[   15.785319] md: linear personality registered for level -1
 ... [   15.816650] md: multipath personality registered for level -4
[   16.058145] md: raid0 personality registered for level 0
[   16.089317] md: raid1 personality registered for level 1
[   16.190226] raid6: sse2x1   gen()  7579 MB/s
[   16.266251] raid6: sse2x1   xor()  6065 MB/s
[   16.366277] raid6: sse2x2   gen()  9635 MB/s
[   16.438211] raid6: sse2x2   xor()  5833 MB/s
[   16.550241] raid6: sse2x4   gen() 10620 MB/s
[   16.661068] raid6: sse2x4   xor()  8438 MB/s
[   16.674725] raid6: using algorithm sse2x4 gen() 10620 MB/s
[   16.679809] raid6: .... xor() 8438 MB/s, rmw enabled
[   16.688576] raid6: using ssse3x2 recovery algorithm
[   16.690967] xor: automatically using best checksumming function:
[   16.742222]    avx       : 20031.000 MB/sec
[   16.761875] async_tx: api initialized (async)
[   16.778622] md: raid6 personality registered for level 6
[   16.785339] md: raid5 personality registered for level 5
[   16.824941] md: raid4 personality registered for level 4
[   16.833543] md: raid10 personality registered for level 10
done.
Begin: Running /scripts/init-premount ... done.
Begin: Mounting root file system ... Begin: Running /scripts/local-top ... done.
Begin: Running /scripts/local-premount ... [   16.875803] Btrfs loaded
Scanning for Btrfs filesystems
done.
Warning: fsck no[   16.930879] EXT4-fs (sda1): mounted filesystem with ordered data mode. Opts: (null)
t present, so skipping root file system
done.
Begin: Running /scripts/local-bottom ... done.
Begin: Running /scripts/init-bottom ... done.
[   17.123701] systemd[1]: systemd 229 running in system mode. (+PAM +AUDIT +SELINUX +IMA +APPARMOR +SMACK +SYSVINIT +UTMP +LIBCRYPTSETUP +GCRYPT +GNUTLS +ACL +XZ -LZ4 +SECCOMP +BLKID +ELFUTILS +KMOD -IDN)
[   17.668323] systemd[1]: Detected virtualization oracle.
[   17.698905] systemd[1]: Detected architecture x86-64.

Welcome to [1mUbuntu 16.04.2 LTS[0m!

[   17.799846] systemd[1]: Set hostname to <ubuntu>.
[   17.813134] systemd[1]: Initializing machine ID from random generator.
[   17.990769] systemd[1]: Installed transient /etc/machine-id file.
[   18.341392] systemd[1]: Listening on Syslog Socket.
[[0;32m  OK  [0m] Listening on Syslog Socket.
[   18.364451] systemd[1]: Listening on Journal Socket (/dev/log).
[[0;32m  OK  [0m] Listening on Journal Socket (/dev/log).
[   18.542843] systemd[1]: Listening on LVM2 metadata daemon socket.
[[0;32m  OK  [0m] Listening on LVM2 metadata daemon socket.
[   18.663625] systemd[1]: Listening on /dev/initctl Compatibility Named Pipe.
[[0;32m  OK  [0m] Listening on /dev/initctl Compatibility Named Pipe.
[   18.732566] systemd[1]: Listening on Journal Audit Socket.
[[0;32m  OK  [0m] Listening on Journal Audit Socket.
[   18.763564] systemd[1]: Listening on LVM2 poll daemon socket.
[[0;32m  OK  [0m] Listening on LVM2 poll daemon socket.
[   18.810236] systemd[1]: Reached target User and Group Name Lookups.
[[0;32m  OK  [0m] Reached target User and Group Name Lookups.
[   18.815373] systemd[1]: Listening on udev Kernel Socket.
[[0;32m  OK  [0m] Listening on udev Kernel Socket.
[   18.847914] systemd[1]: Reached target Swap.
[[0;32m  OK  [0m] Reached target Swap.
[   18.849979] systemd[1]: Started Trigger resolvconf update for networkd DNS.
[[0;32m  OK  [0m] Started Trigger resolvconf update for networkd DNS.
[   18.983060] systemd[1]: Created slice User and Session Slice.
[[0;32m  OK  [0m] Created slice User and Session Slice.
[   19.054533] systemd[1]: Reached target Encrypted Volumes.
[[0;32m  OK  [0m] Reached target Encrypted Volumes.
[   19.098689] systemd[1]: Listening on Journal Socket.
[[0;32m  OK  [0m] Listening on Journal Socket.
[   19.140007] systemd[1]: Started Forward Password Requests to Wall Directory Watch.
[[0;32m  OK  [0m] Started Forward Password Requests to Wall Directory Watch.
[   19.289288] systemd[1]: Listening on Device-mapper event daemon FIFOs.
[[0;32m  OK  [0m] Listening on Device-mapper event daemon FIFOs.
[   19.335082] systemd[1]: Set up automount Arbitrary Executable File Formats File System Automount Point.
[[0;32m  OK  [0m] Set up automount Arbitrary Executab...ats File System Automount Point.
[   19.458913] systemd[1]: Created slice System Slice.
[[0;32m  OK  [0m] Created slice System Slice.
[   19.560874] systemd[1]: Created slice system-serial\x2dgetty.slice.
[[0;32m  OK  [0m] Created slice system-serial\x2dgetty.slice.
[   19.586767] systemd[1]: Mounting POSIX Message Queue File System...
         Mounting POSIX Message Queue File System...
[   19.814626] systemd[1]: Starting Monitoring of LVM2 mirrors, snapshots etc. using dmeventd or progress polling...
         Starting Monitoring of LVM2 mirrors... dmeventd or progress polling...
[   20.014684] systemd[1]: Starting Remount Root and Kernel File Systems...
[   20.015667] random: nonblocking pool is initialized
[   20.023788] EXT4-fs (sda1): re-mounted. Opts: (null)
         Starting Remount Root and Kernel File Systems...
[   20.133701] systemd[1]: Mounting Debug File System...
         Mounting Debug File System...
[   20.192540] systemd[1]: Starting Load Kernel Modules...
[   20.228743] Loading iSCSI transport class v2.0-870.
         Starting Load Kernel Mo[   20.256309] iscsi: registered transport (tcp)
dules...
[   20.408137] systemd[1]: Starting Journal Service...
         Starting Journal Service...
[   20.486761] iscsi: registered transport (iser)
[   20.496312] systemd[1]: Reached target Slices.
[[0;32m  OK  [0m] Reached target Slices.
[   20.523744] systemd[1]: Starting Uncomplicated firewall...
         Starting Uncomplicated firewall...
[   20.593289] systemd[1]: Starting Set console keymap...
         Starting Set console keymap...
[   20.674536] systemd[1]: Starting Nameserver information manager...
         Starting Nameserver information manager...
[   20.702807] systemd[1]: Listening on udev Control Socket.
[[0;32m  OK  [0m] Listening on udev Control Socket.
[   20.794483] systemd[1]: Mounting Huge Pages File System...
         Mounting Huge Pages File System...
[   20.829679] systemd[1]: Starting Create list of required static device nodes for the current kernel...
         Starting Create list of required st... nodes for the current kernel...
[   21.044225] systemd[1]: Mounted Debug File System.
[[0;32m  OK  [0m] Mounted Debug File System.
[   21.090673] systemd[1]: Mounted Huge Pages File System.
[[0;32m  OK  [0m] Mounted Huge Pages File System.
[   21.156977] systemd[1]: Mounted POSIX Message Queue File System.
[[0;32m  OK  [0m] Mounted POSIX Message Queue File System.
[   21.234613] systemd[1]: Started Journal Service.
[[0;32m  OK  [0m] Started Journal Service.
[[0;32m  OK  [0m] Started Remount Root and Kernel File Systems.
[[0;32m  OK  [0m] Started Load Kernel Modules.
[[0;32m  OK  [0m] Started Uncomplicated firewall.
[[0;32m  OK  [0m] Started Set console keymap.
[[0;32m  OK  [0m] Started Create list of required sta...ce nodes for the current kernel.
[[0;32m  OK  [0m] Started Nameserver information manager.
[[0;32m  OK  [0m] Started LVM2 metadata daemon.
         Starting Create Static Device Nodes in /dev...
         Starting Apply Kernel Variables...
         Mounting FUSE Control File System...
         Starting udev Coldplug all Devices...
         Starting Initial cloud-init job (pre-networking)...
         Starting Load/Save Random Seed...
         Starting Flush Journal to Persistent Storage...
[[0;32m  OK  [0m] Mounted FUSE Control File System.
[[0;32m  OK  [0m] Started Monitoring of LVM2 mirrors,...ng dmeventd or progress polling.
[[0;32m  OK  [0m] Started Create Static Device Nodes in /dev.
[[0;32m  OK  [0m] Started Apply Kernel Variables.
[[0;32m  OK  [0m] Started Load/Save Random Seed.
[[0;32m  OK  [0m] Started udev Coldplug all Devices.
[[0;32m  OK  [0m] Started Flush Journal to Persistent Storage.
         Starting udev Kernel Device Manager...
[[0;32m  OK  [0m] Started udev Kernel Device Manager.
[[0;32m  OK  [0m] Reached target Local File Systems (Pre).
[[0;32m  OK  [0m] Reached target Local File Systems.
         Starting LSB: AppArmor initialization...
         Starting Set console font and keymap...
         Starting Create Volatile Files and Directories...
         Starting Commit a transient machine-id on disk...
         Starting Tell Plymouth To Write Out Runtime Data...
[[0;32m  OK  [0m] Started Dispatch Password Requests to Console Directory Watch.
[[0;32m  OK  [0m] Started Create Volatile Files and Directories.
[[0;32m  OK  [0m] Started Commit a transient machine-id on disk.
[[0;32m  OK  [0m] Started Tell Plymouth To Write Out Runtime Data.
[[0;32m  OK  [0m] Found device /dev/ttyS0.
[   19.875923] cloud-init[454]: Cloud-init v. 0.7.9 running 'init-local' at Wed, 10 May 2017 10:16:04 +0000. Up 19.52 seconds.
[[0;32m  OK  [0m] Started Set console font and keymap.
[[0;32m  OK  [0m] Started Initial cloud-init job (pre-networking).
[[0;32m  OK  [0m] Listening on Load/Save RF Kill Switch Status /dev/rfkill Watch.
[[0;32m  OK  [0m] Reached target Network (Pre).
[[0;32m  OK  [0m] Created slice system-getty.slice.
[[0;32m  OK  [0m] Reached target System Time Synchronized.
         Starting Update UTMP about System Boot/Shutdown...
[[0;32m  OK  [0m] Started Update UTMP about System Boot/Shutdown.
[[0;32m  OK  [0m] Started LSB: AppArmor initialization.
         Starting Raise network interfaces...
[[0;32m  OK  [0m] Started Raise network interfaces.
[[0;32m  OK  [0m] Reached target Network.
         Starting Initial cloud-init job (metadata service crawler)...
[   23.296626] cloud-init[940]: Cloud-init v. 0.7.9 running 'init' at Wed, 10 May 2017 10:16:07 +0000. Up 22.72 seconds.
[   23.340523] cloud-init[940]: ci-info: ++++++++++++++++++++++++++++++++++++++Net device info++++++++++++++++++++++++++++++++++++++
[   23.368756] cloud-init[940]: ci-info: +--------+-------+----------------------------+---------------+-------+-------------------+
[   23.369191] cloud-init[940]: ci-info: | Device |   Up  |          Address           |      Mask     | Scope |     Hw-Address    |
[[0;32m  OK  [0m] Started Initial cloud-init job (metadata service crawler).
[   23.369478] cloud-init[940]: ci-info: +--------+-------+----------------------------+---------------+-------+-------------------+
[   23.599093] cloud-init[940]: ci-info: |   lo   |  True |         127.0.0.1          |   255.0.0.0   |   .   |         .         |
[   23.599752] cloud-init[940]: ci-info: |   lo   |  True |          ::1/128           |       .       |  host |         .         |
[[0;32m  OK  [0m] Reached target Network is Online.
[   23.600243] cloud-init[940]: ci-info: | enp0s3 |  True |         10.0.2.15          | 255.255.255.0 |   .   | 02:d6:4b:78:b0:32 |
[   23.746148] cloud-init[940]: ci-info: | enp0s3 |  True | fe80::d6:4bff:fe78:b032/64 |       .       |  link | 02:d6:4b:78:b0:32 |
[   23.746486] cloud-init[940]: ci-info: | enp0s8 | False |             .              |       .       |   .   | 08:00:27:96:8e:25 |
         Starting iSCSI initiator daemon (iscsid)...
[[   23.746787] cloud-init[940]: ci-info: +--------+-------+----------------------------+---------------+-------+-------------------+
[   23.760996] cloud-init[940]: ci-info: +++++++++++++++++++++++++++Route IPv4 info++++++++++++++++++++++++++++
[0;32m  OK  [0m] Reached target Cloud-config availability.
[   23.761235] cloud-init[940]: ci-info: +-------+-------------+----------+---------------+-----------+-------+
[   23.906558] cloud-init[940]: ci-info: | Route | Destination | Gateway  |    Genmask    | Interface | Flags |
[   23.906770] cloud-init[940]: ci-info: +-------+-------------+----------+---------------+-----------+-------+
[   23.907028] cloud-init[940]: ci-info: |   0   |   0.0.0.0   | 10.0.2.2 |    0.0.0.0    |   enp0s3  |   UG  |
[   23.907295] cloud-init[940]: ci-info: |   1   |   10.0.2.0  | 0.0.0.0  | 255.255.255.0 |   enp0s3  |   U   |
[[0;32m  OK  [0m] Reached target System Initialization.
[   23.907560] cloud-init[940]: ci-info: +-------+-------------+----------+---------------+-----------+-------+
[   24.029917] cloud-init[940]: Generating public/private rsa key pair.
[   24.030353] cloud-init[940]: Your identification has been saved in /etc/ssh/ssh_host_rsa_key.
[[0;32m  OK  [0m] Started Daily apt activities.
[   24.030629] cloud-init[940]: Your public key has been saved in /etc/ssh/ssh_host_rsa_key.pub.
[   24.148855] cloud-init[940]: The key fingerprint is:
[   24.149881] cloud-init[940]: SHA256:KNgyPnVmEd+6I9A16eqDnhX5Pbe8Ng5Bi0Q/RfMBAwA root@ubuntu-xenial
         Starting LXD - unix socket.
[   24.150186] cloud-init[940]: The key's randomart image is:
[   24.321479] cloud-init[940]: +---[RSA 2048]----+
[[0;32m  OK  [0m] Listening on UUID daemon activation socket.
[[   24.321915] cloud-init[940]: |      E.o..o*..  |
[   24.385557] cloud-init[940]: |       + + . + . |
[0;32m  OK  [0m] Started Timer to automatically refresh installed snaps.
         [   24.385916] Starting Socket activation for snappy daemon.cloud-init
[940]: |      . * =   .  |
[[0;32m  OK  [0m[   24.465226] ] cloud-initListening on ACPID Listen Socket.[940]: 
|   o . B = o     |
[   24.468690] cloud-init[940]: |  + = O S o      |
[   24.469103] cloud-init[940]: | . + * + o .     |
[[0;32m  OK  [0m] Started Daily Cleanup of Temporary Directories.
[[   24.469413] cloud-init[940]: |  o  .+ + + .    |
[   24.476897] cloud-init[940]: |   ..+.. . =o.   |
[0;32m  OK  [0m] Reached target Timers.
[   24.477024] cloud-init[940]: |   .o ..   o=o   |
[[0;32m  OK  [0m] Listening on D-Bus System Message Bus Socket.
[   24.480563] cloud-init[940]: +----[SHA256]-----+
[   24.533233] cloud-init[940]: Generating public/private dsa key pair.
[   24.536241] cloud-init[940]: Your identification has been saved in /etc/ssh/ssh_host_dsa_key.
[   24.536565] cloud-init[940]: Your public key has been saved in /etc/ssh/ssh_host_dsa_key.pub.
[[0;32m  OK  [0m] Started ACPI Events Check.
[   24.536702] cloud-init[940]: The key fingerprint is:
[   24.626994] cloud-init[940]: SHA256:EFHD+sMJJmG2gsmShR3gxzC72KafVquSBU/CWVvMrw4 root@ubuntu-xenial
[[0;32m  OK  [0m] Reached target Paths.
[   24.627175] cloud-init[940]: The key's randomart image is:
[   24.696409] cloud-init[940]: +---[DSA 1024]----+
[   24.696708] cloud-init[940]: |.*..o o+o        |
[[0;32m  OK  [0m] Listening on LXD - unix socket.
[[0;32m  OK  [0m] Listening on Socket activation for snappy daemon.
[[0;32m  OK  [0m] Started iSCSI initiator daemon (iscsid).
[   24.696897] cloud-init[940]: |o B.++ ...       |
[   24.828387] cloud-init[940]: |oBo=ooo.         |
[   24.857994] cloud-init[940]: |O==.o +o         |
[   24.863154] cloud-init[940]: |o*o. o.+S.       |
         Starting Login to default iSCSI targets...
[[   24.899395] cloud-init[940]: | ooE..  =        |
[   24.902310] cloud-init[940]: |.o .o.   .       |
[0;32m  OK  [0m] Reached target Sockets.
[   24.902446] cloud-init[940]: |o.....           |
[   24.961221] cloud-init[940]: | o+.             |
[[0;32m  OK  [0m] Reached target Basic System.
[   24.961452] cloud-init[940]: +----[SHA256]-----+
[   25.041235] cloud-init[940]: Generating public/private ecdsa key pair.
[   25.044506] cloud-init[940]: Your identification has been saved in /etc/ssh/ssh_host_ecdsa_key.
[   25.074862] cloud-init[940]: Your public key has been saved in /etc/ssh/ssh_host_ecdsa_key.pub.
[   25.092413] cloud-init[940]: The key fingerprint is:
[   25.096336]          cloud-initStarting /etc/rc.local Compatibility...[940]: 
SHA256:i99nFf7iVFGhZwXykFOBCAEfMu5j63OT71PK8a7TL94 root@ubuntu-xenial
[   25.124842] [cloud-init[0;32m  OK  [0m[940]: ] The key's randomart image is:Started Deferred execution scheduler.

[   25.125213] cloud-init[940]: +---[ECDSA 256]---+
[   25.164958]          cloud-initStarting LSB: MD monitoring daemon...[940]: 
|      +.+o .o++++|
[[0;32m  OK  [0m] Started Regular background program processing daemon.
[   25.215039] cloud-init[940]: |     . + .. ++. o|
[   25.311475] cloud-init[940]: |      . .    o.+ |
[   25.336440] cloud-init[940]: |     .        + .|
[   25.346876] cloud-init[940]: |      + S    . ..|
[   25.353901] cloud-init[940]: |     . + .. . o. |
[   25.388416] cloud-init[940]: |      o .o * ... |
[[0;32m  OK  [0m] Started D-Bus System Message Bus.
[   25.416259] cloud-init[940]: |     ...+.= *o. .|
[   25.496393] cloud-init[940]: |      .o.+=Oo+E. |
[   25.496921] cloud-init[940]: +----[SHA256]-----+
[[0;32m  OK  [0m] Started Snappy daemon.
[   25.497121] cloud-init[940]: Generating public/private ed25519 key pair.
[   25.632338] cloud-init[940]: Your identification has been saved in /etc/ssh/ssh_host_ed25519_key.
         Starting Accounts Service...
[   25.712370] cloud-init[940]: Your public key has been saved in /etc/ssh/ssh_host_ed25519_key.pub.
[   25.712690] cloud-init[940]: The key fingerprint is:
         Starting Pollinate to seed the pseudo random number generator...
[   25.713076] cloud-init[940]: SHA256:IdOqK5quFThdKDbVbgtVbcK5B8NvIuHwlEuquWkm9hw root@ubuntu-xenial
[   25.779462] [cloud-init[0;32m  OK  [0m[940]: ] The key's randomart image is:Started ACPI event daemon.

[   25.780245] cloud-init[940]: +--[ED25519 256]--+
         Starting System Logging Service...
[   25.882828] cloud-init[940]: |   .. =.o        |
[   25.988420] cloud-init[940]: |  .o B O o       |
[   25.988810] cloud-init[940]: |.o. @ = X        |
         Starting Apply the settings specified in cloud-config...
[   25.988979] cloud-init[940]: |.+.+ B * =       |
[   26.076570] cloud-init[940]: |o = o + S        |
         Starting Login Service...
[   26.127089] cloud-init[940]: | + . o           |
[[0;32m  OK  [0m] Started FUSE filesystem for LXC.
[   26.226262] cloud-init[940]: |  +E.            |
[   26.247805] cloud-init[940]: |.Oo ..           |
[   26.292436] cloud-init[940]: |@o.+.            |
[   26.292910] cloud-init[940]: +----[SHA256]-----+
         Starting LXD - container startup/shutdown...
         Starting LSB: Record successful boot for GRUB...
[[0;32m  OK  [0m] Started Unattended Upgrades Shutdown.
         Starting Auto import assertions from block devices...
[[0;32m  OK  [0m] Started System Logging Service.
[[0;32m  OK  [0m] Started /etc/rc.local Compatibility.
[[0;32m  OK  [0m] Started Pollinate to seed the pseudo random number generator.
[[0;32m  OK  [0m] Started LXD - container startup/shutdown.
[[0;32m  OK  [0m] Started Auto import assertions from block devices.
[   26.648396] cloud-init[1112]: Generating locales (this might take a while)...
[[0;32m  OK  [0m] Started Login to default iSCSI targets.
[[0;32m  OK  [0m] Started LSB: MD monitoring daemon.
[[0;32m  OK  [0m] Started LSB: Record successful boot for GRUB.
[[0;32m  OK  [0m] Started Login Service.
         Starting Authenticate and Authorize Users to Run Privileged Tasks...
[[0;32m  OK  [0m] Reached target Remote File Systems (Pre).
[[0;32m  OK  [0m] Reached target Remote File Systems.
         Starting Permit User Sessions...
         Starting LSB: Set the CPU Frequency Scaling governor to "ondemand"...
         Starting LSB: daemon to balance interrupts for SMP systems...
         Starting LSB: VirtualBox Linux Additions...
         Starting LSB: automatic crash report generation...
         Starting OpenBSD Secure Shell server...
[[0;32m  OK  [0m] Started Permit User Sessions.
[[0;32m  OK  [0m] Started OpenBSD Secure Shell server.
[[0;32m  OK  [0m] Started Authenticate and Authorize Users to Run Privileged Tasks.
[[0;32m  OK  [0m] Started Accounts Service.
[[0;32m  OK  [0m] Started LSB: Set the CPU Frequency Scaling governor to "ondemand".
         Starting Terminate Plymouth Boot Screen...
         Starting Hold until boot process finishes up...
[[0;32m  OK  [0m] Started LSB: daemon to balance interrupts for SMP systems.
[[0;32m  OK  [0m] Started LSB: VirtualBox Linux Additions.
[[0;32m  OK  [0m] Started LSB: automatic crash report generation.
[[0;32m  OK  [0m] Started Terminate Plymouth Boot Screen.
[[0;32m  OK  [0m] Started Hold until boot process finishes up.
         Starting Set console scheme...
[[0;32m  OK  [0m] Started Serial Getty on ttyS0.
[[0;32m  OK  [0m] Started Getty on tty1.
[[0;32m  OK  [0m] Reached target Login Prompts.
[   27.839424] cloud-init[1112]:   en_US.UTF-8... done
[[0;32m  OK  [0m] Reached target Multi-User System.
[[0;32m  OK  [0m] Reached target Graphical Interface.
[   27.878013] cloud-init[1112]: Generation complete.
         Starting Update UTMP about System Runlevel Changes...
[[0;32m  OK  [0m] Started Set console scheme.
[[0;32m  OK  [0m] Started Update UTMP about System Runlevel Changes.
         Stopping OpenBSD Secure Shell server...
[[0;32m  OK  [0m] Stopped OpenBSD Secure Shell server.
         Starting OpenBSD Secure Shell server...
[[0;32m  OK  [0m] Started OpenBSD Secure Shell server.
[[0;32m  OK  [0m] Created slice User Slice of ubuntu.
         Starting User Manager for UID 1000...
[[0;32m  OK  [0m] Started User Manager for UID 1000.
[[0;32m  OK  [0m] Started Session 1 of user ubuntu.
[   28.636186] cloud-init[1112]: Cloud-init v. 0.7.9 running 'modules:config' at Wed, 10 May 2017 10:16:11 +0000. Up 26.48 seconds.
[[0;32m  OK  [0m] Started Apply the settings specified in cloud-config.
         Starting Execute cloud user/final scripts...
ci-info: no authorized ssh keys fingerprints found for user ubuntu.
<14>May 10 10:16:14 ec2: 
<14>May 10 10:16:14 ec2: #############################################################
<14>May 10 10:16:14 ec2: -----BEGIN SSH HOST KEY FINGERPRINTS-----
<14>May 10 10:16:14 ec2: 1024 SHA256:EFHD+sMJJmG2gsmShR3gxzC72KafVquSBU/CWVvMrw4 root@ubuntu-xenial (DSA)
<14>May 10 10:16:14 ec2: 256 SHA256:i99nFf7iVFGhZwXykFOBCAEfMu5j63OT71PK8a7TL94 root@ubuntu-xenial (ECDSA)
<14>May 10 10:16:14 ec2: 256 SHA256:IdOqK5quFThdKDbVbgtVbcK5B8NvIuHwlEuquWkm9hw root@ubuntu-xenial (ED25519)
<14>May 10 10:16:14 ec2: 2048 SHA256:KNgyPnVmEd+6I9A16eqDnhX5Pbe8Ng5Bi0Q/RfMBAwA root@ubuntu-xenial (RSA)
<14>May 10 10:16:14 ec2: -----END SSH HOST KEY FINGERPRINTS-----
<14>May 10 10:16:14 ec2: #############################################################
-----BEGIN SSH HOST KEY KEYS-----
ecdsa-sha2-nistp256 AAAAE2VjZHNhLXNoYTItbmlzdHAyNTYAAAAIbmlzdHAyNTYAAABBBIb1pxYAXjDRFaFxIlYpKjgiTR6xWQRSI1KEaUYN4Q3zcFM4awenKwZLW2StQ42ws+7UGSTf4nsfLVU1vqyUG38= root@ubuntu-xenial
ssh-ed25519 AAAAC3NzaC1lZDI1NTE5AAAAIKASf7MCfIVZSio/wegBkQFKdtswauUPeCb07GGC65Rj root@ubuntu-xenial
ssh-rsa AAAAB3NzaC1yc2EAAAADAQABAAABAQDB8NY2DBrQohAz6thaRYHBWwQ3mfNKk78n5XukZy0oYEIDcINxSl7MbfFmUhAXO+NvVExcx+96DV4ynJSKuI+9cH0Ll9L90U1dLP1SEjJ+QpNvakjE4GJgLsgAUujjWyvjS5CRCvZ+AGh7DBPIgbCLZR3psfRfxIukoRHn5XFi81g+b5lMfrHyeUt5yZGnpdjUBFhCcddlOldf/sG1U5OB3eCmEXejMdGAEgOX8nq6xzJuMbBo448seEiTMTwU9W3zyG+iYNG2EB1IygktVr9nSt+0VWYnXEg2q8bzrXqBQ9jllwQ0Df6c8DGrsATAtj3SgV6GZk4eyt+iakiDSVQN root@ubuntu-xenial
-----END SSH HOST KEY KEYS-----
[   29.917168] cloud-init[1374]: Cloud-init v. 0.7.9 running 'modules:final' at Wed, 10 May 2017 10:16:13 +0000. Up 29.29 seconds.
[   29.992424] cloud-init[1374]: ci-info: no authorized ssh keys fingerprints found for user ubuntu.
[   30.048583] cloud-init[1374]: Cloud-init v. 0.7.9 finished at Wed, 10 May 2017 10:16:14 +0000. Datasource DataSourceNoCloud [seed=/dev/sdb][dsmode=net].  Up 29.90 seconds
[[0;32m  OK  [0m] Started Execute cloud user/final scripts.
[[0;32m  OK  [0m] Reached target Cloud-init target.

Ubuntu 16.04.2 LTS ubuntu-xenial ttyS0

ubuntu-xenial login: 